============================================
 Set Cover Problem — CPLEX Solver
 Instancia: instancias/scp46.txt
============================================

Elementos (m) : 200
Conjuntos (n) : 1000

Iniciando otimizacao...

Version identifier: 22.1.1.0 | 2022-11-28 | 9160aff4d
CPXPARAM_Simplex_Display                         0
CPXPARAM_Threads                                 1
CPXPARAM_TimeLimit                               60
CPXPARAM_MIP_Tolerances_MIPGap                   0
Found incumbent of value 51277.000000 after 0.00 sec. (0.05 ticks)
Tried aggregator 1 time.
MIP Presolve eliminated 0 rows and 64 columns.
Reduced MIP has 200 rows, 936 columns, and 3986 nonzeros.
Reduced MIP has 936 binaries, 0 generals, 0 SOSs, and 0 indicators.
Presolve time = 0.00 sec. (2.08 ticks)
Probing time = 0.00 sec. (0.12 ticks)
Tried aggregator 1 time.
Detecting symmetries...
Reduced MIP has 200 rows, 936 columns, and 3986 nonzeros.
Reduced MIP has 936 binaries, 0 generals, 0 SOSs, and 0 indicators.
Presolve time = 0.00 sec. (1.82 ticks)
Probing time = 0.00 sec. (0.12 ticks)
MIP emphasis: balance optimality and feasibility.
MIP search method: dynamic search.
Parallel mode: none, using 1 thread.
Root relaxation solution time = 0.00 sec. (1.48 ticks)

        Nodes                                         Cuts/
   Node  Left     Objective  IInf  Best Integer    Best Bound    ItCnt     Gap

*     0+    0                        47176.0000        0.0000           100.00%
      0     0      557.2500    26    47176.0000      557.2500      154   98.82%
*     0+    0                          573.0000      557.2500             2.75%
*     0+    0                          562.0000      557.2500             0.85%
*     0     0      integral     0      560.0000       Cuts: 6      164    0.00%
      0     0        cutoff            560.0000      560.0000      164    0.00%
Elapsed time = 0.02 sec. (11.51 ticks, tree = 0.01 MB, solutions = 4)

Zero-half cuts applied:  2
Lift and project cuts applied:  2
Gomory fractional cuts applied:  2

Root node processing (before b&c):
  Real time             =    0.02 sec. (11.56 ticks)
Sequential b&c:
  Real time             =    0.00 sec. (0.00 ticks)
                          ------------
Total (root+branch&cut) =    0.02 sec. (11.56 ticks)

============================================
 RESULTADOS
============================================
Status CPLEX  : Optimal
Tempo (s)     : 0.0214962
Valor obj.    : 560
Melhor bound  : 560
MIP gap (%)   : 0
Conjuntos sel.: 64

Conjuntos selecionados (1-based):
1 2 3 4 5 6 9 11 12 13 14 15 16 19 20 21 24 27 28 30 31 32 33 36 37 38 39 40 44 49 50 52 53 55 60 64 68 71 74 81 82 83 85 86 88 101 110 121 124 132 145 146 147 159 163 167 173 175 177 182 196 269 282 291 

Solucao valida: SIM
