============================================
 Set Cover Problem — CPLEX Solver
 Instancia: instancias/scp48.txt
============================================

Elementos (m) : 200
Conjuntos (n) : 1000

Iniciando otimizacao...

CPXPARAM_Simplex_Display                         0
CPXPARAM_Threads                                 1
CPXPARAM_TimeLimit                               60
CPXPARAM_MIP_Tolerances_MIPGap                   0
Found incumbent of value 52261.000000 after 0.00 sec. (0.05 ticks)
Tried aggregator 1 time.
MIP Presolve eliminated 0 rows and 74 columns.
Reduced MIP has 200 rows, 926 columns, and 3916 nonzeros.
Reduced MIP has 926 binaries, 0 generals, 0 SOSs, and 0 indicators.
Presolve time = 0.00 sec. (2.04 ticks)
Probing time = 0.00 sec. (0.12 ticks)
Tried aggregator 1 time.
Reduced MIP has 200 rows, 926 columns, and 3916 nonzeros.
Reduced MIP has 926 binaries, 0 generals, 0 SOSs, and 0 indicators.
Presolve time = 0.00 sec. (1.81 ticks)
Probing time = 0.00 sec. (0.12 ticks)
MIP emphasis: balance optimality and feasibility.
MIP search method: dynamic search.
Parallel mode: none, using 1 thread.
Root relaxation solution time = 0.00 sec. (2.02 ticks)

        Nodes                                         Cuts/
   Node  Left     Objective  IInf  Best Integer    Best Bound    ItCnt     Gap

*     0+    0                        47764.0000        0.0000           100.00%
      0     0      488.6667    33    47764.0000      488.6667      162   98.98%
*     0+    0                          507.0000      488.6667             3.62%
      0     0      490.3158    39      507.0000      Cuts: 11      179    3.29%
*     0+    0                          492.0000      490.3158             0.34%
      0     0        cutoff            492.0000                    191    0.00%
Elapsed time = 0.02 sec. (16.78 ticks, tree = 0.01 MB, solutions = 3)

Zero-half cuts applied:  2
Gomory fractional cuts applied:  3

Root node processing (before b&c):
  Real time             =    0.02 sec. (16.85 ticks)
Sequential b&c:
  Real time             =    0.00 sec. (0.00 ticks)
                          ------------
Total (root+branch&cut) =    0.02 sec. (16.85 ticks)

============================================
 RESULTADOS
============================================
Status CPLEX  : Optimal
Tempo (s)     : 0.0223836
Valor obj.    : 492
Melhor bound  : 492
MIP gap (%)   : 0
Conjuntos sel.: 59

Conjuntos selecionados (1-based):
1 3 5 6 7 9 10 11 13 14 15 16 17 18 22 23 26 27 30 32 33 35 36 43 44 45 46 50 53 54 56 57 59 60 65 66 68 70 74 77 78 85 87 95 100 105 116 118 125 137 139 141 171 175 193 194 208 236 279 

Solucao valida: SIM
