============================================
 Set Cover Problem — CPLEX Solver
 Instancia: instancias/scp49.txt
============================================

Elementos (m) : 200
Conjuntos (n) : 1000

Iniciando otimizacao...

CPXPARAM_Simplex_Display                         0
CPXPARAM_Threads                                 1
CPXPARAM_TimeLimit                               60
CPXPARAM_MIP_Tolerances_MIPGap                   0
Found incumbent of value 51932.000000 after 0.00 sec. (0.05 ticks)
Tried aggregator 1 time.
MIP Presolve eliminated 0 rows and 64 columns.
Reduced MIP has 200 rows, 936 columns, and 3870 nonzeros.
Reduced MIP has 936 binaries, 0 generals, 0 SOSs, and 0 indicators.
Presolve time = 0.00 sec. (2.00 ticks)
Probing time = 0.00 sec. (0.12 ticks)
Tried aggregator 1 time.
Reduced MIP has 200 rows, 936 columns, and 3870 nonzeros.
Reduced MIP has 936 binaries, 0 generals, 0 SOSs, and 0 indicators.
Presolve time = 0.00 sec. (1.79 ticks)
Probing time = 0.00 sec. (0.12 ticks)
MIP emphasis: balance optimality and feasibility.
MIP search method: dynamic search.
Parallel mode: none, using 1 thread.
Root relaxation solution time = 0.00 sec. (2.15 ticks)

        Nodes                                         Cuts/
   Node  Left     Objective  IInf  Best Integer    Best Bound    ItCnt     Gap

*     0+    0                        48125.0000        0.0000           100.00%
      0     0      638.5385    71    48125.0000      638.5385      170   98.67%
*     0+    0                          701.0000      638.5385             8.91%
*     0+    0                          641.0000      638.5385             0.38%
      0     0        cutoff            641.0000                    182    0.00%
Elapsed time = 0.02 sec. (16.32 ticks, tree = 0.01 MB, solutions = 3)

Implied bound cuts applied:  2
Zero-half cuts applied:  10
Lift and project cuts applied:  1
Gomory fractional cuts applied:  1

Root node processing (before b&c):
  Real time             =    0.02 sec. (16.39 ticks)
Sequential b&c:
  Real time             =    0.00 sec. (0.00 ticks)
                          ------------
Total (root+branch&cut) =    0.02 sec. (16.39 ticks)

============================================
 RESULTADOS
============================================
Status CPLEX  : Optimal
Tempo (s)     : 0.0213584
Valor obj.    : 641
Melhor bound  : 641
MIP gap (%)   : 0
Conjuntos sel.: 61

Conjuntos selecionados (1-based):
1 2 3 4 6 9 10 12 14 16 17 18 19 20 21 23 26 28 30 31 33 34 35 36 38 39 40 45 55 59 61 68 76 80 83 88 90 91 110 111 113 115 118 121 125 126 129 143 146 149 158 179 202 209 210 230 242 280 288 369 401 

Solucao valida: SIM
