============================================
 Set Cover Problem — CPLEX Solver
 Instancia: instancias/scp44.txt
============================================

Elementos (m) : 200
Conjuntos (n) : 1000

Iniciando otimizacao...

CPXPARAM_Simplex_Display                         0
CPXPARAM_Threads                                 1
CPXPARAM_TimeLimit                               60
CPXPARAM_MIP_Tolerances_MIPGap                   0
Found incumbent of value 50264.000000 after 0.00 sec. (0.05 ticks)
Tried aggregator 1 time.
MIP Presolve eliminated 0 rows and 69 columns.
Reduced MIP has 200 rows, 931 columns, and 3912 nonzeros.
Reduced MIP has 931 binaries, 0 generals, 0 SOSs, and 0 indicators.
Presolve time = 0.00 sec. (2.04 ticks)
Probing time = 0.00 sec. (0.12 ticks)
Tried aggregator 1 time.
Reduced MIP has 200 rows, 931 columns, and 3912 nonzeros.
Reduced MIP has 931 binaries, 0 generals, 0 SOSs, and 0 indicators.
Presolve time = 0.00 sec. (1.82 ticks)
Probing time = 0.00 sec. (0.12 ticks)
MIP emphasis: balance optimality and feasibility.
MIP search method: dynamic search.
Parallel mode: none, using 1 thread.
Root relaxation solution time = 0.00 sec. (2.34 ticks)

        Nodes                                         Cuts/
   Node  Left     Objective  IInf  Best Integer    Best Bound    ItCnt     Gap

*     0+    0                        46781.0000        0.0000           100.00%
      0     0      494.0000    12    46781.0000      494.0000      192   98.94%
*     0+    0                          510.0000      494.0000             3.14%
*     0+    0                          496.0000      494.0000             0.40%
*     0     0      integral     0      494.0000      494.0000      192    0.00%
Elapsed time = 0.03 sec. (15.95 ticks, tree = 0.01 MB, solutions = 4)

Root node processing (before b&c):
  Real time             =    0.03 sec. (16.01 ticks)
Sequential b&c:
  Real time             =    0.00 sec. (0.00 ticks)
                          ------------
Total (root+branch&cut) =    0.03 sec. (16.01 ticks)

============================================
 RESULTADOS
============================================
Status CPLEX  : Optimal
Tempo (s)     : 0.027077
Valor obj.    : 494
Melhor bound  : 494
MIP gap (%)   : 0
Conjuntos sel.: 63

Conjuntos selecionados (1-based):
1 2 3 4 5 6 7 8 10 12 15 16 17 18 19 20 23 24 27 32 33 35 36 37 38 43 44 45 47 48 52 58 59 61 63 64 69 71 72 73 83 84 85 96 98 103 107 118 122 124 132 136 164 165 167 168 174 184 200 233 277 375 420 

Solucao valida: SIM
