============================================
 Set Cover Problem — CPLEX Solver
 Instancia: instancias/scp47.txt
============================================

Elementos (m) : 200
Conjuntos (n) : 1000

Iniciando otimizacao...

Version identifier: 22.1.1.0 | 2022-11-28 | 9160aff4d
CPXPARAM_Simplex_Display                         0
CPXPARAM_Threads                                 1
CPXPARAM_TimeLimit                               60
CPXPARAM_MIP_Tolerances_MIPGap                   0
Found incumbent of value 48933.000000 after 0.00 sec. (0.05 ticks)
Tried aggregator 1 time.
MIP Presolve eliminated 0 rows and 69 columns.
Reduced MIP has 200 rows, 931 columns, and 3838 nonzeros.
Reduced MIP has 931 binaries, 0 generals, 0 SOSs, and 0 indicators.
Presolve time = 0.00 sec. (1.98 ticks)
Probing time = 0.00 sec. (0.12 ticks)
Tried aggregator 1 time.
Detecting symmetries...
Reduced MIP has 200 rows, 931 columns, and 3838 nonzeros.
Reduced MIP has 931 binaries, 0 generals, 0 SOSs, and 0 indicators.
Presolve time = 0.00 sec. (1.77 ticks)
Probing time = 0.00 sec. (0.12 ticks)
MIP emphasis: balance optimality and feasibility.
MIP search method: dynamic search.
Parallel mode: none, using 1 thread.
Root relaxation solution time = 0.00 sec. (1.43 ticks)

        Nodes                                         Cuts/
   Node  Left     Objective  IInf  Best Integer    Best Bound    ItCnt     Gap

*     0+    0                        45244.0000        0.0000           100.00%
*     0     0      integral     0      430.0000      430.0000      152    0.00%
Elapsed time = 0.01 sec. (6.93 ticks, tree = 0.00 MB, solutions = 2)

Root node processing (before b&c):
  Real time             =    0.01 sec. (6.97 ticks)
Sequential b&c:
  Real time             =    0.00 sec. (0.00 ticks)
                          ------------
Total (root+branch&cut) =    0.01 sec. (6.97 ticks)

============================================
 RESULTADOS
============================================
Status CPLEX  : Optimal
Tempo (s)     : 0.0146106
Valor obj.    : 430
Melhor bound  : 430
MIP gap (%)   : 0
Conjuntos sel.: 58

Conjuntos selecionados (1-based):
2 3 4 5 6 8 12 13 16 17 18 19 21 23 25 26 27 28 31 33 36 45 46 53 56 58 59 60 61 63 64 65 66 68 70 71 73 77 78 85 86 89 94 97 104 106 108 113 114 133 134 149 159 172 183 223 401 405 

Solucao valida: SIM
