============================================
 Set Cover Problem — CPLEX Solver
 Instancia: instancias/scp42.txt
============================================

Elementos (m) : 200
Conjuntos (n) : 1000

Iniciando otimizacao...

Version identifier: 22.1.1.0 | 2022-11-28 | 9160aff4d
CPXPARAM_Simplex_Display                         0
CPXPARAM_Threads                                 1
CPXPARAM_TimeLimit                               60
CPXPARAM_MIP_Tolerances_MIPGap                   0
Found incumbent of value 49830.000000 after 0.00 sec. (0.05 ticks)
Tried aggregator 1 time.
MIP Presolve eliminated 0 rows and 66 columns.
Reduced MIP has 200 rows, 934 columns, and 3894 nonzeros.
Reduced MIP has 934 binaries, 0 generals, 0 SOSs, and 0 indicators.
Presolve time = 0.00 sec. (2.02 ticks)
Probing time = 0.00 sec. (0.12 ticks)
Tried aggregator 1 time.
Detecting symmetries...
Reduced MIP has 200 rows, 934 columns, and 3894 nonzeros.
Reduced MIP has 934 binaries, 0 generals, 0 SOSs, and 0 indicators.
Presolve time = 0.00 sec. (1.79 ticks)
Probing time = 0.00 sec. (0.12 ticks)
MIP emphasis: balance optimality and feasibility.
MIP search method: dynamic search.
Parallel mode: none, using 1 thread.
Root relaxation solution time = 0.00 sec. (2.03 ticks)

        Nodes                                         Cuts/
   Node  Left     Objective  IInf  Best Integer    Best Bound    ItCnt     Gap

*     0+    0                        46053.0000        0.0000           100.00%
*     0     0      integral     0      512.0000      512.0000      174    0.00%
Elapsed time = 0.01 sec. (7.60 ticks, tree = 0.00 MB, solutions = 2)

Root node processing (before b&c):
  Real time             =    0.01 sec. (7.64 ticks)
Sequential b&c:
  Real time             =    0.00 sec. (0.00 ticks)
                          ------------
Total (root+branch&cut) =    0.01 sec. (7.64 ticks)

============================================
 RESULTADOS
============================================
Status CPLEX  : Optimal
Tempo (s)     : 0.0150754
Valor obj.    : 512
Melhor bound  : 512
MIP gap (%)   : 0
Conjuntos sel.: 60

Conjuntos selecionados (1-based):
1 2 3 5 6 8 10 11 15 17 18 19 20 22 23 25 29 32 41 44 47 48 49 51 52 54 56 59 60 61 62 63 64 69 70 71 76 79 87 88 92 94 101 103 112 113 114 120 136 137 145 160 161 163 168 177 209 274 294 376 

Solucao valida: SIM
