============================================
 Set Cover Problem — CPLEX Solver
 Instancia: instancias/scp410.txt
============================================

Elementos (m) : 200
Conjuntos (n) : 1000

Iniciando otimizacao...

Version identifier: 22.1.1.0 | 2022-11-28 | 9160aff4d
CPXPARAM_Simplex_Display                         0
CPXPARAM_Threads                                 1
CPXPARAM_TimeLimit                               60
CPXPARAM_MIP_Tolerances_MIPGap                   0
Found incumbent of value 49921.000000 after 0.00 sec. (0.05 ticks)
Tried aggregator 1 time.
MIP Presolve eliminated 0 rows and 92 columns.
Reduced MIP has 200 rows, 908 columns, and 3783 nonzeros.
Reduced MIP has 908 binaries, 0 generals, 0 SOSs, and 0 indicators.
Presolve time = 0.00 sec. (2.01 ticks)
Probing time = 0.00 sec. (0.12 ticks)
Tried aggregator 1 time.
Detecting symmetries...
Reduced MIP has 200 rows, 908 columns, and 3783 nonzeros.
Reduced MIP has 908 binaries, 0 generals, 0 SOSs, and 0 indicators.
Presolve time = 0.00 sec. (1.74 ticks)
Probing time = 0.00 sec. (0.12 ticks)
MIP emphasis: balance optimality and feasibility.
MIP search method: dynamic search.
Parallel mode: none, using 1 thread.
Root relaxation solution time = 0.00 sec. (1.08 ticks)

        Nodes                                         Cuts/
   Node  Left     Objective  IInf  Best Integer    Best Bound    ItCnt     Gap

*     0+    0                        45300.0000        0.0000           100.00%
      0     0      513.5000     6    45300.0000      513.5000      131   98.87%
*     0+    0                          514.0000      513.5000             0.10%
      0     0        cutoff            514.0000      513.5000      131    0.10%
Elapsed time = 0.02 sec. (7.23 ticks, tree = 0.01 MB, solutions = 2)

Root node processing (before b&c):
  Real time             =    0.02 sec. (7.28 ticks)
Sequential b&c:
  Real time             =    0.00 sec. (0.00 ticks)
                          ------------
Total (root+branch&cut) =    0.02 sec. (7.28 ticks)

============================================
 RESULTADOS
============================================
Status CPLEX  : Optimal
Tempo (s)     : 0.0177374
Valor obj.    : 514
Melhor bound  : 514
MIP gap (%)   : 0
Conjuntos sel.: 64

Conjuntos selecionados (1-based):
2 3 4 5 6 7 8 9 10 11 14 15 16 17 19 22 23 25 26 28 29 30 35 40 42 43 47 48 49 50 51 55 56 57 58 59 60 63 68 69 71 77 84 85 86 88 96 107 110 114 119 123 142 145 153 155 184 191 211 235 255 257 300 480 

Solucao valida: SIM
