============================================
 Set Cover Problem — CPLEX Solver
 Instancia: instancias/scp58.txt
============================================

Elementos (m) : 200
Conjuntos (n) : 2000

Iniciando otimizacao...

Version identifier: 22.1.1.0 | 2022-11-28 | 9160aff4d
CPXPARAM_Simplex_Display                         0
CPXPARAM_Threads                                 1
CPXPARAM_TimeLimit                               60
CPXPARAM_MIP_Tolerances_MIPGap                   0
Found incumbent of value 101569.000000 after 0.00 sec. (0.10 ticks)
Tried aggregator 1 time.
MIP Presolve eliminated 0 rows and 192 columns.
Reduced MIP has 200 rows, 1808 columns, and 7633 nonzeros.
Reduced MIP has 1808 binaries, 0 generals, 0 SOSs, and 0 indicators.
Presolve time = 0.01 sec. (4.79 ticks)
Probing time = 0.00 sec. (0.20 ticks)
Tried aggregator 1 time.
Detecting symmetries...
Reduced MIP has 200 rows, 1808 columns, and 7633 nonzeros.
Reduced MIP has 1808 binaries, 0 generals, 0 SOSs, and 0 indicators.
Presolve time = 0.00 sec. (3.63 ticks)
Probing time = 0.00 sec. (0.20 ticks)
MIP emphasis: balance optimality and feasibility.
MIP search method: dynamic search.
Parallel mode: none, using 1 thread.
Root relaxation solution time = 0.00 sec. (3.57 ticks)

        Nodes                                         Cuts/
   Node  Left     Objective  IInf  Best Integer    Best Bound    ItCnt     Gap

*     0+    0                        90217.0000        0.0000           100.00%
      0     0      287.0000    41    90217.0000      287.0000      186   99.68%
*     0+    0                          301.0000      287.0000             4.65%
*     0+    0                          293.0000      287.0000             2.05%
      0     0      287.2500    39      293.0000       Cuts: 9      195    1.96%
*     0+    0                          290.0000      287.2500             0.95%
*     0     0      integral     0      288.0000      Cuts: 19      199    0.00%
      0     0        cutoff            288.0000      288.0000      199    0.00%
Elapsed time = 0.03 sec. (28.30 ticks, tree = 0.01 MB, solutions = 5)

Zero-half cuts applied:  15
Lift and project cuts applied:  2
Gomory fractional cuts applied:  9

Root node processing (before b&c):
  Real time             =    0.04 sec. (28.46 ticks)
Sequential b&c:
  Real time             =    0.00 sec. (0.00 ticks)
                          ------------
Total (root+branch&cut) =    0.04 sec. (28.46 ticks)

============================================
 RESULTADOS
============================================
Status CPLEX  : Optimal
Tempo (s)     : 0.0354758
Valor obj.    : 288
Melhor bound  : 288
MIP gap (%)   : 0
Conjuntos sel.: 62

Conjuntos selecionados (1-based):
1 2 3 5 6 7 8 9 11 15 17 21 22 23 24 27 28 29 30 31 34 41 43 45 48 50 51 53 57 63 64 66 68 69 71 73 76 77 83 91 95 96 98 103 106 114 121 138 140 143 144 154 155 165 170 171 172 200 238 241 257 476 

Solucao valida: SIM
