============================================
 Set Cover Problem — CPLEX Solver
 Instancia: instancias/scp54.txt
============================================

Elementos (m) : 200
Conjuntos (n) : 2000

Iniciando otimizacao...

Version identifier: 22.1.1.0 | 2022-11-28 | 9160aff4d
CPXPARAM_Simplex_Display                         0
CPXPARAM_Threads                                 1
CPXPARAM_TimeLimit                               60
CPXPARAM_MIP_Tolerances_MIPGap                   0
Found incumbent of value 98976.000000 after 0.00 sec. (0.10 ticks)
Tried aggregator 1 time.
MIP Presolve eliminated 0 rows and 213 columns.
Reduced MIP has 200 rows, 1787 columns, and 7612 nonzeros.
Reduced MIP has 1787 binaries, 0 generals, 0 SOSs, and 0 indicators.
Presolve time = 0.01 sec. (4.81 ticks)
Probing time = 0.00 sec. (0.20 ticks)
Tried aggregator 1 time.
Detecting symmetries...
Reduced MIP has 200 rows, 1787 columns, and 7612 nonzeros.
Reduced MIP has 1787 binaries, 0 generals, 0 SOSs, and 0 indicators.
Presolve time = 0.00 sec. (3.61 ticks)
Probing time = 0.00 sec. (0.20 ticks)
MIP emphasis: balance optimality and feasibility.
MIP search method: dynamic search.
Parallel mode: none, using 1 thread.
Root relaxation solution time = 0.00 sec. (2.05 ticks)

        Nodes                                         Cuts/
   Node  Left     Objective  IInf  Best Integer    Best Bound    ItCnt     Gap

*     0+    0                        87060.0000        0.0000           100.00%
      0     0      240.5000    33    87060.0000      240.5000      149   99.72%
*     0+    0                          264.0000      240.5000             8.90%
*     0     0      integral     0      242.0000       Cuts: 7      158    0.00%
      0     0        cutoff            242.0000      242.0000      158    0.00%
Elapsed time = 0.03 sec. (20.59 ticks, tree = 0.01 MB, solutions = 3)

Zero-half cuts applied:  4
Gomory fractional cuts applied:  1

Root node processing (before b&c):
  Real time             =    0.03 sec. (20.69 ticks)
Sequential b&c:
  Real time             =    0.00 sec. (0.00 ticks)
                          ------------
Total (root+branch&cut) =    0.03 sec. (20.69 ticks)

============================================
 RESULTADOS
============================================
Status CPLEX  : Optimal
Tempo (s)     : 0.0279287
Valor obj.    : 242
Melhor bound  : 242
MIP gap (%)   : 0
Conjuntos sel.: 66

Conjuntos selecionados (1-based):
1 2 3 4 5 6 7 8 9 12 16 17 18 19 21 22 27 28 29 30 31 32 33 34 37 38 39 42 45 49 50 51 54 55 56 58 60 63 65 69 76 77 83 86 87 90 98 101 103 105 106 109 116 127 129 137 148 149 162 166 189 194 196 208 238 254 

Solucao valida: SIM
