============================================
 Set Cover Problem — CPLEX Solver
 Instancia: instancias/scp56.txt
============================================

Elementos (m) : 200
Conjuntos (n) : 2000

Iniciando otimizacao...

CPXPARAM_Simplex_Display                         0
CPXPARAM_Threads                                 1
CPXPARAM_TimeLimit                               60
CPXPARAM_MIP_Tolerances_MIPGap                   0
Found incumbent of value 103047.000000 after 0.00 sec. (0.10 ticks)
Tried aggregator 1 time.
MIP Presolve eliminated 0 rows and 181 columns.
Reduced MIP has 200 rows, 1819 columns, and 7729 nonzeros.
Reduced MIP has 1819 binaries, 0 generals, 0 SOSs, and 0 indicators.
Presolve time = 0.01 sec. (4.84 ticks)
Probing time = 0.00 sec. (0.20 ticks)
Tried aggregator 1 time.
Reduced MIP has 200 rows, 1819 columns, and 7729 nonzeros.
Reduced MIP has 1819 binaries, 0 generals, 0 SOSs, and 0 indicators.
Presolve time = 0.00 sec. (3.72 ticks)
Probing time = 0.00 sec. (0.20 ticks)
MIP emphasis: balance optimality and feasibility.
MIP search method: dynamic search.
Parallel mode: none, using 1 thread.
Root relaxation solution time = 0.00 sec. (2.04 ticks)

        Nodes                                         Cuts/
   Node  Left     Objective  IInf  Best Integer    Best Bound    ItCnt     Gap

*     0+    0                        92544.0000        0.0000           100.00%
      0     0      212.5000     3    92544.0000      212.5000      138   99.77%
*     0+    0                          213.0000      212.5000             0.23%
      0     0        cutoff            213.0000      212.5000      138    0.23%
Elapsed time = 0.02 sec. (15.17 ticks, tree = 0.01 MB, solutions = 2)

Root node processing (before b&c):
  Real time             =    0.02 sec. (15.26 ticks)
Sequential b&c:
  Real time             =    0.00 sec. (0.00 ticks)
                          ------------
Total (root+branch&cut) =    0.02 sec. (15.26 ticks)

============================================
 RESULTADOS
============================================
Status CPLEX  : Optimal
Tempo (s)     : 0.0197518
Valor obj.    : 213
Melhor bound  : 213
MIP gap (%)   : 0
Conjuntos sel.: 58

Conjuntos selecionados (1-based):
1 2 3 4 5 7 8 9 10 11 13 15 17 21 23 25 27 28 31 32 36 37 38 41 43 52 54 55 56 57 59 60 61 63 68 69 70 76 77 80 81 88 92 95 105 107 112 118 129 130 142 153 155 157 194 222 247 260 

Solucao valida: SIM
