============================================
 Set Cover Problem — CPLEX Solver
 Instancia: instancias/scp51.txt
============================================

Elementos (m) : 200
Conjuntos (n) : 2000

Iniciando otimizacao...

Version identifier: 22.1.1.0 | 2022-11-28 | 9160aff4d
CPXPARAM_Simplex_Display                         0
CPXPARAM_Threads                                 1
CPXPARAM_TimeLimit                               60
CPXPARAM_MIP_Tolerances_MIPGap                   0
Found incumbent of value 101279.000000 after 0.00 sec. (0.10 ticks)
Tried aggregator 1 time.
MIP Presolve eliminated 0 rows and 210 columns.
Reduced MIP has 200 rows, 1790 columns, and 7676 nonzeros.
Reduced MIP has 1790 binaries, 0 generals, 0 SOSs, and 0 indicators.
Presolve time = 0.01 sec. (4.85 ticks)
Probing time = 0.00 sec. (0.20 ticks)
Tried aggregator 1 time.
Detecting symmetries...
Reduced MIP has 200 rows, 1790 columns, and 7676 nonzeros.
Reduced MIP has 1790 binaries, 0 generals, 0 SOSs, and 0 indicators.
Presolve time = 0.01 sec. (3.65 ticks)
Probing time = 0.00 sec. (0.20 ticks)
MIP emphasis: balance optimality and feasibility.
MIP search method: dynamic search.
Parallel mode: none, using 1 thread.
Root relaxation solution time = 0.01 sec. (3.65 ticks)

        Nodes                                         Cuts/
   Node  Left     Objective  IInf  Best Integer    Best Bound    ItCnt     Gap

*     0+    0                        89029.0000        0.0000           100.00%
      0     0      251.2250    58    89029.0000      251.2250      198   99.72%
*     0+    0                          269.0000      251.2250             6.61%
*     0+    0                          257.0000      251.2250             2.25%
      0     0      252.0588    71      257.0000      Cuts: 18      227    1.92%
*     0+    0                          253.0000      252.0588             0.37%
      0     0        cutoff            253.0000      252.0588      227    0.37%
Elapsed time = 0.06 sec. (28.85 ticks, tree = 0.01 MB, solutions = 4)

Zero-half cuts applied:  3
Lift and project cuts applied:  1
Gomory fractional cuts applied:  1

Root node processing (before b&c):
  Real time             =    0.06 sec. (29.00 ticks)
Sequential b&c:
  Real time             =    0.00 sec. (0.00 ticks)
                          ------------
Total (root+branch&cut) =    0.06 sec. (29.00 ticks)

============================================
 RESULTADOS
============================================
Status CPLEX  : Optimal
Tempo (s)     : 0.061347
Valor obj.    : 253
Melhor bound  : 253
MIP gap (%)   : 0
Conjuntos sel.: 62

Conjuntos selecionados (1-based):
1 2 3 4 5 6 7 10 11 12 13 14 16 18 24 25 26 27 28 29 31 32 33 34 35 37 42 43 45 47 48 50 51 57 61 65 69 72 74 75 76 77 80 81 85 86 87 88 91 105 125 127 137 138 155 160 176 179 195 262 288 368 

Solucao valida: SIM
