============================================
 Set Cover Problem — CPLEX Solver
 Instancia: instancias/scp52.txt
============================================

Elementos (m) : 200
Conjuntos (n) : 2000

Iniciando otimizacao...

Version identifier: 22.1.1.0 | 2022-11-28 | 9160aff4d
CPXPARAM_Simplex_Display                         0
CPXPARAM_Threads                                 1
CPXPARAM_TimeLimit                               60
CPXPARAM_MIP_Tolerances_MIPGap                   0
Found incumbent of value 103114.000000 after 0.00 sec. (0.10 ticks)
Tried aggregator 1 time.
MIP Presolve eliminated 0 rows and 182 columns.
Reduced MIP has 200 rows, 1818 columns, and 7722 nonzeros.
Reduced MIP has 1818 binaries, 0 generals, 0 SOSs, and 0 indicators.
Presolve time = 0.01 sec. (4.85 ticks)
Probing time = 0.00 sec. (0.20 ticks)
Tried aggregator 1 time.
Detecting symmetries...
Reduced MIP has 200 rows, 1818 columns, and 7722 nonzeros.
Reduced MIP has 1818 binaries, 0 generals, 0 SOSs, and 0 indicators.
Presolve time = 0.00 sec. (3.68 ticks)
Probing time = 0.00 sec. (0.20 ticks)
MIP emphasis: balance optimality and feasibility.
MIP search method: dynamic search.
Parallel mode: none, using 1 thread.
Root relaxation solution time = 0.01 sec. (5.03 ticks)

        Nodes                                         Cuts/
   Node  Left     Objective  IInf  Best Integer    Best Bound    ItCnt     Gap

*     0+    0                        91995.0000        0.0000           100.00%
      0     0      299.7611    79    91995.0000      299.7611      221   99.67%
*     0+    0                          326.0000      299.7611             8.05%
*     0+    0                          321.0000      299.7611             6.62%
      0     0      301.3333    45      321.0000      Cuts: 37      269    6.13%
*     0+    0                          304.0000      301.3333             0.88%
      0     0      301.9100    78      304.0000      Cuts: 11      292    0.69%
*     0+    0                          302.0000      301.9100             0.03%
      0     0        cutoff            302.0000      301.9100      292    0.03%
Elapsed time = 0.05 sec. (44.55 ticks, tree = 0.01 MB, solutions = 5)

Zero-half cuts applied:  6
Lift and project cuts applied:  2
Gomory fractional cuts applied:  1

Root node processing (before b&c):
  Real time             =    0.05 sec. (44.71 ticks)
Sequential b&c:
  Real time             =    0.00 sec. (0.00 ticks)
                          ------------
Total (root+branch&cut) =    0.05 sec. (44.71 ticks)

============================================
 RESULTADOS
============================================
Status CPLEX  : Optimal
Tempo (s)     : 0.0552796
Valor obj.    : 302
Melhor bound  : 302
MIP gap (%)   : 0
Conjuntos sel.: 58

Conjuntos selecionados (1-based):
1 2 4 5 7 8 9 12 13 15 16 17 18 21 22 23 24 27 28 29 30 31 35 36 39 45 46 47 53 59 62 69 74 78 91 92 93 102 104 107 109 116 119 121 124 143 148 150 161 162 178 218 230 252 266 269 280 321 

Solucao valida: SIM
