============================================
 Set Cover Problem — CPLEX Solver
 Instancia: instancias/scp53.txt
============================================

Elementos (m) : 200
Conjuntos (n) : 2000

Iniciando otimizacao...

Version identifier: 22.1.1.0 | 2022-11-28 | 9160aff4d
CPXPARAM_Simplex_Display                         0
CPXPARAM_Threads                                 1
CPXPARAM_TimeLimit                               60
CPXPARAM_MIP_Tolerances_MIPGap                   0
Found incumbent of value 98551.000000 after 0.00 sec. (0.10 ticks)
Tried aggregator 1 time.
MIP Presolve eliminated 0 rows and 181 columns.
Reduced MIP has 200 rows, 1819 columns, and 7733 nonzeros.
Reduced MIP has 1819 binaries, 0 generals, 0 SOSs, and 0 indicators.
Presolve time = 0.01 sec. (4.86 ticks)
Probing time = 0.00 sec. (0.20 ticks)
Tried aggregator 1 time.
Detecting symmetries...
Reduced MIP has 200 rows, 1819 columns, and 7733 nonzeros.
Reduced MIP has 1819 binaries, 0 generals, 0 SOSs, and 0 indicators.
Presolve time = 0.01 sec. (3.68 ticks)
Probing time = 0.00 sec. (0.20 ticks)
MIP emphasis: balance optimality and feasibility.
MIP search method: dynamic search.
Parallel mode: none, using 1 thread.
Root relaxation solution time = 0.00 sec. (1.81 ticks)

        Nodes                                         Cuts/
   Node  Left     Objective  IInf  Best Integer    Best Bound    ItCnt     Gap

*     0+    0                        88444.0000        0.0000           100.00%
*     0     0      integral     0      226.0000      226.0000      135    0.00%
Elapsed time = 0.02 sec. (13.68 ticks, tree = 0.00 MB, solutions = 2)

Root node processing (before b&c):
  Real time             =    0.02 sec. (13.77 ticks)
Sequential b&c:
  Real time             =    0.00 sec. (0.00 ticks)
                          ------------
Total (root+branch&cut) =    0.02 sec. (13.77 ticks)

============================================
 RESULTADOS
============================================
Status CPLEX  : Optimal
Tempo (s)     : 0.0224002
Valor obj.    : 226
Melhor bound  : 226
MIP gap (%)   : 0
Conjuntos sel.: 56

Conjuntos selecionados (1-based):
1 2 3 6 11 12 16 17 18 20 21 22 24 25 29 30 31 36 43 44 45 48 49 51 52 54 55 57 59 60 61 63 65 68 69 74 82 86 93 97 98 101 103 107 110 115 118 126 127 128 129 163 167 284 384 472 

Solucao valida: SIM
