============================================
 Set Cover Problem — CPLEX Solver
 Instancia: instancias/scp510.txt
============================================

Elementos (m) : 200
Conjuntos (n) : 2000

Iniciando otimizacao...

Version identifier: 22.1.1.0 | 2022-11-28 | 9160aff4d
CPXPARAM_Simplex_Display                         0
CPXPARAM_Threads                                 1
CPXPARAM_TimeLimit                               60
CPXPARAM_MIP_Tolerances_MIPGap                   0
Found incumbent of value 103367.000000 after 0.00 sec. (0.10 ticks)
Tried aggregator 1 time.
MIP Presolve eliminated 0 rows and 178 columns.
Reduced MIP has 200 rows, 1822 columns, and 7730 nonzeros.
Reduced MIP has 1822 binaries, 0 generals, 0 SOSs, and 0 indicators.
Presolve time = 0.01 sec. (4.84 ticks)
Probing time = 0.00 sec. (0.20 ticks)
Tried aggregator 1 time.
Detecting symmetries...
Reduced MIP has 200 rows, 1822 columns, and 7730 nonzeros.
Reduced MIP has 1822 binaries, 0 generals, 0 SOSs, and 0 indicators.
Presolve time = 0.01 sec. (3.68 ticks)
Probing time = 0.00 sec. (0.20 ticks)
MIP emphasis: balance optimality and feasibility.
MIP search method: dynamic search.
Parallel mode: none, using 1 thread.
Root relaxation solution time = 0.00 sec. (1.61 ticks)

        Nodes                                         Cuts/
   Node  Left     Objective  IInf  Best Integer    Best Bound    ItCnt     Gap

*     0+    0                        92499.0000        0.0000           100.00%
*     0     0      integral     0      265.0000      265.0000      126    0.00%
Elapsed time = 0.02 sec. (13.46 ticks, tree = 0.00 MB, solutions = 2)

Root node processing (before b&c):
  Real time             =    0.02 sec. (13.55 ticks)
Sequential b&c:
  Real time             =    0.00 sec. (0.00 ticks)
                          ------------
Total (root+branch&cut) =    0.02 sec. (13.55 ticks)

============================================
 RESULTADOS
============================================
Status CPLEX  : Optimal
Tempo (s)     : 0.0213978
Valor obj.    : 265
Melhor bound  : 265
MIP gap (%)   : 0
Conjuntos sel.: 64

Conjuntos selecionados (1-based):
2 3 6 7 8 9 12 13 15 16 18 19 20 21 22 23 27 29 30 31 33 34 35 37 40 41 42 43 44 45 46 49 50 53 59 63 65 66 70 71 72 74 75 76 79 84 85 86 87 90 101 106 108 109 112 114 128 136 140 174 176 200 236 554 

Solucao valida: SIM
