============================================
 Set Cover Problem — CPLEX Solver
 Instancia: instancias/scp55.txt
============================================

Elementos (m) : 200
Conjuntos (n) : 2000

Iniciando otimizacao...

CPXPARAM_Simplex_Display                         0
CPXPARAM_Threads                                 1
CPXPARAM_TimeLimit                               60
CPXPARAM_MIP_Tolerances_MIPGap                   0
Found incumbent of value 101535.000000 after 0.00 sec. (0.10 ticks)
Tried aggregator 1 time.
MIP Presolve eliminated 0 rows and 204 columns.
Reduced MIP has 200 rows, 1796 columns, and 7557 nonzeros.
Reduced MIP has 1796 binaries, 0 generals, 0 SOSs, and 0 indicators.
Presolve time = 0.01 sec. (4.77 ticks)
Probing time = 0.00 sec. (0.20 ticks)
Tried aggregator 1 time.
Reduced MIP has 200 rows, 1796 columns, and 7557 nonzeros.
Reduced MIP has 1796 binaries, 0 generals, 0 SOSs, and 0 indicators.
Presolve time = 0.00 sec. (3.65 ticks)
Probing time = 0.00 sec. (0.20 ticks)
MIP emphasis: balance optimality and feasibility.
MIP search method: dynamic search.
Parallel mode: none, using 1 thread.
Root relaxation solution time = 0.00 sec. (1.76 ticks)

        Nodes                                         Cuts/
   Node  Left     Objective  IInf  Best Integer    Best Bound    ItCnt     Gap

*     0+    0                        90112.0000        0.0000           100.00%
      0     0      211.0000    13    90112.0000      211.0000      134   99.77%
*     0+    0                          212.0000      211.0000             0.47%
*     0     0      integral     0      211.0000      211.0000      135    0.00%
Elapsed time = 0.03 sec. (23.17 ticks, tree = 0.01 MB, solutions = 3)

Root node processing (before b&c):
  Real time             =    0.03 sec. (23.26 ticks)
Sequential b&c:
  Real time             =    0.00 sec. (0.00 ticks)
                          ------------
Total (root+branch&cut) =    0.03 sec. (23.26 ticks)

============================================
 RESULTADOS
============================================
Status CPLEX  : Optimal
Tempo (s)     : 0.0293719
Valor obj.    : 211
Melhor bound  : 211
MIP gap (%)   : 0
Conjuntos sel.: 60

Conjuntos selecionados (1-based):
1 2 3 4 5 6 7 8 9 10 14 16 17 18 19 20 21 22 24 33 35 38 39 40 43 50 53 54 57 59 64 67 68 71 72 76 77 79 81 83 84 88 98 100 103 104 108 123 127 128 132 133 144 145 157 161 168 170 205 220 

Solucao valida: SIM
