============================================
 Set Cover Problem — CPLEX Solver
 Instancia: instancias/scp63.txt
============================================

Elementos (m) : 200
Conjuntos (n) : 1000

Iniciando otimizacao...

CPXPARAM_Simplex_Display                         0
CPXPARAM_Threads                                 1
CPXPARAM_TimeLimit                               60
CPXPARAM_MIP_Tolerances_MIPGap                   0
Found incumbent of value 50176.000000 after 0.00 sec. (0.07 ticks)
Tried aggregator 1 time.
Reduced MIP has 200 rows, 1000 columns, and 9922 nonzeros.
Reduced MIP has 1000 binaries, 0 generals, 0 SOSs, and 0 indicators.
Presolve time = 0.00 sec. (3.30 ticks)
Probing time = 0.00 sec. (0.16 ticks)
Tried aggregator 1 time.
Reduced MIP has 200 rows, 1000 columns, and 9922 nonzeros.
Reduced MIP has 1000 binaries, 0 generals, 0 SOSs, and 0 indicators.
Presolve time = 0.00 sec. (3.79 ticks)
Probing time = 0.00 sec. (0.16 ticks)
MIP emphasis: balance optimality and feasibility.
MIP search method: dynamic search.
Parallel mode: none, using 1 thread.
Root relaxation solution time = 0.01 sec. (5.12 ticks)

        Nodes                                         Cuts/
   Node  Left     Objective  IInf  Best Integer    Best Bound    ItCnt     Gap

*     0+    0                        50176.0000        0.0000           100.00%
      0     0      140.1340    66    50176.0000      140.1340      162   99.72%
*     0+    0                          214.0000      140.1340            34.52%
*     0+    0                          161.0000      140.1340            12.96%
      0     0      141.5052    60      161.0000       Cuts: 3      194   12.11%
*     0+    0                          149.0000      141.5052             5.03%
      0     0      141.8478    64      149.0000      Cuts: 10      219    4.80%
*     0+    0                          148.0000      141.8478             4.16%
*     0+    0                          145.0000      141.8478             2.17%

Repeating presolve.
Tried aggregator 1 time.
MIP Presolve eliminated 15 rows and 905 columns.
Reduced MIP has 185 rows, 95 columns, and 964 nonzeros.
Reduced MIP has 95 binaries, 0 generals, 0 SOSs, and 0 indicators.
Presolve time = 0.00 sec. (1.05 ticks)
Probing time = 0.00 sec. (0.06 ticks)
Tried aggregator 1 time.
Reduced MIP has 185 rows, 95 columns, and 964 nonzeros.
Reduced MIP has 95 binaries, 0 generals, 0 SOSs, and 0 indicators.
Presolve time = 0.00 sec. (0.43 ticks)
Represolve time = 0.00 sec. (3.77 ticks)
Probing time = 0.00 sec. (0.06 ticks)
Clique table members: 9.
MIP emphasis: balance optimality and feasibility.
MIP search method: dynamic search.
Parallel mode: none, using 1 thread.
Root relaxation solution time = 0.00 sec. (3.08 ticks)

        Nodes                                         Cuts/
   Node  Left     Objective  IInf  Best Integer    Best Bound    ItCnt     Gap

*     0+    0                          145.0000      141.8478             2.17%
      0     0      141.8478    64      145.0000      141.8478      392    2.17%
      0     0      141.9683    71      145.0000       Cuts: 5      414    2.09%
      0     0      142.2008    73      145.0000      Cuts: 10      437    1.93%
      0     0      142.3888    63      145.0000       Cuts: 8      464    1.80%
      0     0      142.4223    73      145.0000   ZeroHalf: 8      482    1.78%
      0     0      142.4405    75      145.0000   ZeroHalf: 1      497    1.77%
      0     0      142.4568    63      145.0000   ZeroHalf: 2      511    1.75%
      0     0      142.4649    64      145.0000   ZeroHalf: 1      521    1.75%
      0     0      142.5183    74      145.0000   ZeroHalf: 3      543    1.71%
      0     0      142.5435    77      145.0000       Cuts: 2      557    1.69%
      0     0      142.5671    70      145.0000   ZeroHalf: 1      573    1.68%
      0     0      142.6527    69      145.0000   ZeroHalf: 3      598    1.62%
      0     0      142.6762    72      145.0000   ZeroHalf: 4      611    1.60%
      0     0      142.7138    72      145.0000   ZeroHalf: 2      627    1.58%
      0     0      142.7412    70      145.0000   ZeroHalf: 2      641    1.56%
      0     0      142.7547    70      145.0000   ZeroHalf: 1      651    1.55%
      0     2      142.7547    70      145.0000      142.7649      651    1.54%
Elapsed time = 0.28 sec. (228.77 ticks, tree = 0.01 MB, solutions = 7)

Zero-half cuts applied:  14
Lift and project cuts applied:  3
Gomory fractional cuts applied:  1

Root node processing (before b&c):
  Real time             =    0.28 sec. (228.83 ticks)
Sequential b&c:
  Real time             =    0.00 sec. (3.87 ticks)
                          ------------
Total (root+branch&cut) =    0.28 sec. (232.70 ticks)

============================================
 RESULTADOS
============================================
Status CPLEX  : Optimal
Tempo (s)     : 0.284575
Valor obj.    : 145
Melhor bound  : 145
MIP gap (%)   : 0
Conjuntos sel.: 35

Conjuntos selecionados (1-based):
1 2 3 4 5 6 9 10 11 12 13 14 15 19 20 21 23 24 26 27 30 33 35 37 39 45 46 47 48 51 54 58 83 123 199 

Solucao valida: SIM
