============================================
 Set Cover Problem — CPLEX Solver
 Instancia: instancias/scp62.txt
============================================

Elementos (m) : 200
Conjuntos (n) : 1000

Iniciando otimizacao...

CPXPARAM_Simplex_Display                         0
CPXPARAM_Threads                                 1
CPXPARAM_TimeLimit                               60
CPXPARAM_MIP_Tolerances_MIPGap                   0
Found incumbent of value 49830.000000 after 0.00 sec. (0.07 ticks)
Tried aggregator 1 time.
Reduced MIP has 200 rows, 1000 columns, and 10002 nonzeros.
Reduced MIP has 1000 binaries, 0 generals, 0 SOSs, and 0 indicators.
Presolve time = 0.00 sec. (3.33 ticks)
Probing time = 0.00 sec. (0.16 ticks)
Tried aggregator 1 time.
Reduced MIP has 200 rows, 1000 columns, and 10002 nonzeros.
Reduced MIP has 1000 binaries, 0 generals, 0 SOSs, and 0 indicators.
Presolve time = 0.00 sec. (3.82 ticks)
Probing time = 0.00 sec. (0.16 ticks)
MIP emphasis: balance optimality and feasibility.
MIP search method: dynamic search.
Parallel mode: none, using 1 thread.
Root relaxation solution time = 0.01 sec. (5.43 ticks)

        Nodes                                         Cuts/
   Node  Left     Objective  IInf  Best Integer    Best Bound    ItCnt     Gap

*     0+    0                        49830.0000        0.0000           100.00%
      0     0      140.4565    62    49830.0000      140.4565      173   99.72%
*     0+    0                          171.0000      140.4565            17.86%
*     0+    0                          155.0000      140.4565             9.38%
      0     0      141.6381    72      155.0000      Cuts: 10      201    8.62%
      0     0      142.0941    65      155.0000       Cuts: 2      227    8.33%
*     0+    0                          147.0000      142.0941             3.34%
*     0+    0                          146.0000      142.0941             2.68%

Repeating presolve.
Tried aggregator 1 time.
MIP Presolve eliminated 2 rows and 894 columns.
Reduced MIP has 198 rows, 106 columns, and 1104 nonzeros.
Reduced MIP has 106 binaries, 0 generals, 0 SOSs, and 0 indicators.
Presolve time = 0.00 sec. (1.07 ticks)
Probing time = 0.00 sec. (0.06 ticks)
Tried aggregator 1 time.
Reduced MIP has 198 rows, 106 columns, and 1104 nonzeros.
Reduced MIP has 106 binaries, 0 generals, 0 SOSs, and 0 indicators.
Presolve time = 0.00 sec. (0.47 ticks)
Represolve time = 0.00 sec. (3.02 ticks)
Probing time = 0.00 sec. (0.06 ticks)
Clique table members: 2.
MIP emphasis: balance optimality and feasibility.
MIP search method: dynamic search.
Parallel mode: none, using 1 thread.
Root relaxation solution time = 0.00 sec. (4.20 ticks)

        Nodes                                         Cuts/
   Node  Left     Objective  IInf  Best Integer    Best Bound    ItCnt     Gap

*     0+    0                          146.0000      142.0941             2.68%
      0     0      142.0941    65      146.0000      142.0941      452    2.68%
      0     0      142.2357    72      146.0000      Cuts: 11      485    2.58%
      0     0      142.3556    67      146.0000       Cuts: 6      513    2.50%
      0     0      142.4056    66      146.0000   ZeroHalf: 4      527    2.46%
      0     0      142.4387    71      146.0000   ZeroHalf: 2      541    2.44%
      0     0      142.4730    70      146.0000   ZeroHalf: 2      554    2.42%
      0     0      142.5006    72      146.0000       Cuts: 2      563    2.40%
      0     0      142.5164    61      146.0000   ZeroHalf: 2      576    2.39%
      0     0      142.5247    69      146.0000   ZeroHalf: 1      586    2.38%
      0     0      142.5351    73      146.0000       Cuts: 2      598    2.37%
      0     2      142.5351    73      146.0000      142.5360      598    2.37%
Elapsed time = 0.43 sec. (337.78 ticks, tree = 0.01 MB, solutions = 6)

Zero-half cuts applied:  13
Lift and project cuts applied:  2
Gomory fractional cuts applied:  1

Root node processing (before b&c):
  Real time             =    0.43 sec. (337.83 ticks)
Sequential b&c:
  Real time             =    0.02 sec. (11.87 ticks)
                          ------------
Total (root+branch&cut) =    0.45 sec. (349.70 ticks)

============================================
 RESULTADOS
============================================
Status CPLEX  : Optimal
Tempo (s)     : 0.449307
Valor obj.    : 146
Melhor bound  : 146
MIP gap (%)   : 0
Conjuntos sel.: 36

Conjuntos selecionados (1-based):
1 2 3 5 6 7 8 11 12 13 14 17 20 21 22 24 25 26 27 29 36 38 44 47 48 51 54 60 61 62 64 71 78 84 103 105 

Solucao valida: SIM
