============================================
 Set Cover Problem — CPLEX Solver
 Instancia: instancias/scp64.txt
============================================

Elementos (m) : 200
Conjuntos (n) : 1000

Iniciando otimizacao...

CPXPARAM_Simplex_Display                         0
CPXPARAM_Threads                                 1
CPXPARAM_TimeLimit                               60
CPXPARAM_MIP_Tolerances_MIPGap                   0
Found incumbent of value 50264.000000 after 0.00 sec. (0.07 ticks)
Tried aggregator 1 time.
Reduced MIP has 200 rows, 1000 columns, and 9857 nonzeros.
Reduced MIP has 1000 binaries, 0 generals, 0 SOSs, and 0 indicators.
Presolve time = 0.00 sec. (3.29 ticks)
Probing time = 0.00 sec. (0.16 ticks)
Tried aggregator 1 time.
Reduced MIP has 200 rows, 1000 columns, and 9857 nonzeros.
Reduced MIP has 1000 binaries, 0 generals, 0 SOSs, and 0 indicators.
Presolve time = 0.00 sec. (3.78 ticks)
Probing time = 0.00 sec. (0.16 ticks)
MIP emphasis: balance optimality and feasibility.
MIP search method: dynamic search.
Parallel mode: none, using 1 thread.
Root relaxation solution time = 0.00 sec. (4.21 ticks)

        Nodes                                         Cuts/
   Node  Left     Objective  IInf  Best Integer    Best Bound    ItCnt     Gap

*     0+    0                        50264.0000        0.0000           100.00%
      0     0      129.0000    40    50264.0000      129.0000      164   99.74%
*     0+    0                          145.0000      129.0000            11.03%
*     0+    0                          133.0000      129.0000             3.01%
      0     0      129.3462    43      133.0000      Cuts: 13      171    2.75%
      0     0      129.6447    45      133.0000      Cuts: 17      180    2.52%
*     0+    0                          131.0000      129.6447             1.03%

Repeating presolve.
Tried aggregator 1 time.
MIP Presolve eliminated 59 rows and 933 columns.
MIP Presolve modified 2 coefficients.
Reduced MIP has 141 rows, 67 columns, and 478 nonzeros.
Reduced MIP has 67 binaries, 0 generals, 0 SOSs, and 0 indicators.
Presolve time = 0.00 sec. (1.02 ticks)
Probing time = 0.00 sec. (0.06 ticks)
Tried aggregator 1 time.
Reduced MIP has 141 rows, 67 columns, and 478 nonzeros.
Reduced MIP has 67 binaries, 0 generals, 0 SOSs, and 0 indicators.
Presolve time = 0.00 sec. (0.26 ticks)
Represolve time = 0.00 sec. (2.35 ticks)
Probing time = 0.00 sec. (0.06 ticks)
Clique table members: 44.
MIP emphasis: balance optimality and feasibility.
MIP search method: dynamic search.
Parallel mode: none, using 1 thread.
Root relaxation solution time = 0.00 sec. (0.91 ticks)

        Nodes                                         Cuts/
   Node  Left     Objective  IInf  Best Integer    Best Bound    ItCnt     Gap

*     0+    0                          131.0000      129.6447             1.03%
      0     0      129.6447    45      131.0000      129.6447      288    1.03%
      0     0        cutoff            131.0000                    297    0.00%
Elapsed time = 0.06 sec. (43.48 ticks, tree = 0.01 MB, solutions = 5)

Implied bound cuts applied:  1
Zero-half cuts applied:  4
Lift and project cuts applied:  3
Gomory fractional cuts applied:  2

Root node processing (before b&c):
  Real time             =    0.06 sec. (43.54 ticks)
Sequential b&c:
  Real time             =    0.00 sec. (0.00 ticks)
                          ------------
Total (root+branch&cut) =    0.06 sec. (43.54 ticks)

============================================
 RESULTADOS
============================================
Status CPLEX  : Optimal
Tempo (s)     : 0.0571455
Valor obj.    : 131
Melhor bound  : 131
MIP gap (%)   : 0
Conjuntos sel.: 38

Conjuntos selecionados (1-based):
1 2 3 4 5 6 7 8 9 10 11 12 15 17 18 19 20 24 31 34 36 38 42 46 49 52 53 56 57 58 59 64 68 71 74 76 130 137 

Solucao valida: SIM
