============================================
 Set Cover Problem — CPLEX Solver
 Instancia: instancias/scp61.txt
============================================

Elementos (m) : 200
Conjuntos (n) : 1000

Iniciando otimizacao...

CPXPARAM_Simplex_Display                         0
CPXPARAM_Threads                                 1
CPXPARAM_TimeLimit                               60
CPXPARAM_MIP_Tolerances_MIPGap                   0
Found incumbent of value 50050.000000 after 0.00 sec. (0.07 ticks)
Tried aggregator 1 time.
Reduced MIP has 200 rows, 1000 columns, and 9836 nonzeros.
Reduced MIP has 1000 binaries, 0 generals, 0 SOSs, and 0 indicators.
Presolve time = 0.00 sec. (3.29 ticks)
Probing time = 0.00 sec. (0.16 ticks)
Tried aggregator 1 time.
Reduced MIP has 200 rows, 1000 columns, and 9836 nonzeros.
Reduced MIP has 1000 binaries, 0 generals, 0 SOSs, and 0 indicators.
Presolve time = 0.00 sec. (3.77 ticks)
Probing time = 0.00 sec. (0.16 ticks)
MIP emphasis: balance optimality and feasibility.
MIP search method: dynamic search.
Parallel mode: none, using 1 thread.
Root relaxation solution time = 0.01 sec. (5.32 ticks)

        Nodes                                         Cuts/
   Node  Left     Objective  IInf  Best Integer    Best Bound    ItCnt     Gap

*     0+    0                        50050.0000        0.0000           100.00%
      0     0      133.1396    53    50050.0000      133.1396      175   99.73%
*     0+    0                          161.0000      133.1396            17.30%
*     0+    0                          145.0000      133.1396             8.18%
      0     0      133.7683    63      145.0000      Cuts: 20      197    7.75%
      0     0      134.3394    69      145.0000      Cuts: 22      235    7.35%
*     0+    0                          144.0000      134.3394             6.71%
*     0+    0                          141.0000      134.3394             4.72%
*     0+    0                          140.0000      134.3394             4.04%

Repeating presolve.
Tried aggregator 1 time.
MIP Presolve eliminated 1 rows and 868 columns.
Reduced MIP has 199 rows, 132 columns, and 1340 nonzeros.
Reduced MIP has 132 binaries, 0 generals, 0 SOSs, and 0 indicators.
Presolve time = 0.00 sec. (1.11 ticks)
Probing time = 0.00 sec. (0.07 ticks)
Tried aggregator 1 time.
Reduced MIP has 199 rows, 132 columns, and 1340 nonzeros.
Reduced MIP has 132 binaries, 0 generals, 0 SOSs, and 0 indicators.
Presolve time = 0.00 sec. (0.56 ticks)
Represolve time = 0.00 sec. (3.72 ticks)
Probing time = 0.00 sec. (0.07 ticks)
Clique table members: 2.
MIP emphasis: balance optimality and feasibility.
MIP search method: dynamic search.
Parallel mode: none, using 1 thread.
Root relaxation solution time = 0.01 sec. (4.51 ticks)

        Nodes                                         Cuts/
   Node  Left     Objective  IInf  Best Integer    Best Bound    ItCnt     Gap

*     0+    0                          140.0000      134.3394             4.04%
      0     0      134.3394    69      140.0000      134.3394      462    4.04%
      0     0      134.5840    72      140.0000       Cuts: 9      486    3.87%
      0     0      134.7994    73      140.0000       Cuts: 5      514    3.71%
      0     0      134.8126    74      140.0000   ZeroHalf: 5      523    3.71%
      0     0      134.8561    65      140.0000   ZeroHalf: 3      535    3.67%
      0     0      134.9111    69      140.0000   ZeroHalf: 4      543    3.63%
      0     0      134.9251    65      140.0000   ZeroHalf: 2      555    3.62%
      0     0      134.9449    70      140.0000   ZeroHalf: 5      567    3.61%
      0     0      134.9537    67      140.0000   ZeroHalf: 2      576    3.60%
      0     0      134.9576    73      140.0000   ZeroHalf: 2      586    3.60%
      0     2      134.9576    73      140.0000      134.9629      586    3.60%
Elapsed time = 0.39 sec. (308.54 ticks, tree = 0.01 MB, solutions = 7)
*    36     0      integral     0      138.0000      137.5000     1625    0.36%

Zero-half cuts applied:  13
Lift and project cuts applied:  3
Gomory fractional cuts applied:  2

Root node processing (before b&c):
  Real time             =    0.39 sec. (308.60 ticks)
Sequential b&c:
  Real time             =    0.02 sec. (22.14 ticks)
                          ------------
Total (root+branch&cut) =    0.41 sec. (330.74 ticks)

============================================
 RESULTADOS
============================================
Status CPLEX  : Optimal
Tempo (s)     : 0.408314
Valor obj.    : 138
Melhor bound  : 138
MIP gap (%)   : 0
Conjuntos sel.: 34

Conjuntos selecionados (1-based):
1 2 3 4 5 6 8 9 10 11 17 25 26 30 31 32 34 36 37 38 40 45 46 52 57 58 60 63 79 80 83 107 139 227 

Solucao valida: SIM
