============================================
 Set Cover Problem — CPLEX Solver
 Instancia: instancias/scpe2.txt
============================================

Elementos (m) : 50
Conjuntos (n) : 500

Iniciando otimizacao...

CPXPARAM_Simplex_Display                         0
CPXPARAM_Threads                                 1
CPXPARAM_TimeLimit                               60
CPXPARAM_MIP_Tolerances_MIPGap                   0
Found incumbent of value 500.000000 after 0.00 sec. (0.04 ticks)
Tried aggregator 1 time.
Reduced MIP has 50 rows, 500 columns, and 5013 nonzeros.
Reduced MIP has 500 binaries, 0 generals, 0 SOSs, and 0 indicators.
Presolve time = 0.00 sec. (1.47 ticks)
Probing time = 0.00 sec. (0.07 ticks)
Tried aggregator 1 time.
Reduced MIP has 50 rows, 500 columns, and 5013 nonzeros.
Reduced MIP has 500 binaries, 0 generals, 0 SOSs, and 0 indicators.
Presolve time = 0.00 sec. (1.71 ticks)
Probing time = 0.00 sec. (0.07 ticks)
MIP emphasis: balance optimality and feasibility.
MIP search method: dynamic search.
Parallel mode: none, using 1 thread.
Root relaxation solution time = 0.00 sec. (4.45 ticks)

        Nodes                                         Cuts/
   Node  Left     Objective  IInf  Best Integer    Best Bound    ItCnt     Gap

*     0+    0                          500.0000        0.0000           100.00%
      0     0        3.3821    43      500.0000        3.3821      153   99.32%
*     0+    0                           10.0000        3.3821            66.18%
*     0+    0                            5.0000        3.3821            32.36%
      0     0        3.4537    41        5.0000      Fract: 1      189   30.93%
      0     2        3.4537    41        5.0000        3.4538      189   30.92%
Elapsed time = 0.08 sec. (75.37 ticks, tree = 0.01 MB, solutions = 3)

Gomory fractional cuts applied:  1

Root node processing (before b&c):
  Real time             =    0.08 sec. (75.35 ticks)
Sequential b&c:
  Real time             =    0.08 sec. (116.97 ticks)
                          ------------
Total (root+branch&cut) =    0.16 sec. (192.32 ticks)

============================================
 RESULTADOS
============================================
Status CPLEX  : Optimal
Tempo (s)     : 0.163406
Valor obj.    : 5
Melhor bound  : 5
MIP gap (%)   : 0
Conjuntos sel.: 5

Conjuntos selecionados (1-based):
1 2 6 13 87 

Solucao valida: SIM
