============================================
 Set Cover Problem — CPLEX Solver
 Instancia: instancias/scpe3.txt
============================================

Elementos (m) : 50
Conjuntos (n) : 500

Iniciando otimizacao...

CPXPARAM_Simplex_Display                         0
CPXPARAM_Threads                                 1
CPXPARAM_TimeLimit                               60
CPXPARAM_MIP_Tolerances_MIPGap                   0
Found incumbent of value 500.000000 after 0.00 sec. (0.04 ticks)
Tried aggregator 1 time.
Reduced MIP has 50 rows, 500 columns, and 5040 nonzeros.
Reduced MIP has 500 binaries, 0 generals, 0 SOSs, and 0 indicators.
Presolve time = 0.00 sec. (1.47 ticks)
Probing time = 0.00 sec. (0.08 ticks)
Tried aggregator 1 time.
Reduced MIP has 50 rows, 500 columns, and 5040 nonzeros.
Reduced MIP has 500 binaries, 0 generals, 0 SOSs, and 0 indicators.
Presolve time = 0.00 sec. (1.72 ticks)
Probing time = 0.00 sec. (0.08 ticks)
MIP emphasis: balance optimality and feasibility.
MIP search method: dynamic search.
Parallel mode: none, using 1 thread.
Root relaxation solution time = 0.00 sec. (3.54 ticks)

        Nodes                                         Cuts/
   Node  Left     Objective  IInf  Best Integer    Best Bound    ItCnt     Gap

*     0+    0                          500.0000        0.0000           100.00%
      0     0        3.2989    41      500.0000        3.2989      121   99.34%
*     0+    0                            9.0000        3.2989            63.35%
*     0+    0                            7.0000        3.2989            52.87%
      0     0        3.3437    41        7.0000      Fract: 1      153   52.23%
*     0+    0                            5.0000        3.3437            33.13%
      0     2        3.3437    41        5.0000        3.3437      153   33.13%
Elapsed time = 0.06 sec. (72.33 ticks, tree = 0.01 MB, solutions = 4)

Gomory fractional cuts applied:  1

Root node processing (before b&c):
  Real time             =    0.06 sec. (72.32 ticks)
Sequential b&c:
  Real time             =    0.11 sec. (136.73 ticks)
                          ------------
Total (root+branch&cut) =    0.17 sec. (209.05 ticks)

============================================
 RESULTADOS
============================================
Status CPLEX  : Optimal
Tempo (s)     : 0.166973
Valor obj.    : 5
Melhor bound  : 5
MIP gap (%)   : 0
Conjuntos sel.: 5

Conjuntos selecionados (1-based):
1 2 5 9 10 

Solucao valida: SIM
