============================================
 Set Cover Problem — CPLEX Solver
 Instancia: instancias/scpe1.txt
============================================

Elementos (m) : 50
Conjuntos (n) : 500

Iniciando otimizacao...

CPXPARAM_Simplex_Display                         0
CPXPARAM_Threads                                 1
CPXPARAM_TimeLimit                               60
CPXPARAM_MIP_Tolerances_MIPGap                   0
Found incumbent of value 500.000000 after 0.00 sec. (0.04 ticks)
Tried aggregator 1 time.
Reduced MIP has 50 rows, 500 columns, and 4914 nonzeros.
Reduced MIP has 500 binaries, 0 generals, 0 SOSs, and 0 indicators.
Presolve time = 0.00 sec. (1.45 ticks)
Probing time = 0.00 sec. (0.07 ticks)
Tried aggregator 1 time.
Reduced MIP has 50 rows, 500 columns, and 4914 nonzeros.
Reduced MIP has 500 binaries, 0 generals, 0 SOSs, and 0 indicators.
Presolve time = 0.00 sec. (1.69 ticks)
Probing time = 0.00 sec. (0.07 ticks)
MIP emphasis: balance optimality and feasibility.
MIP search method: dynamic search.
Parallel mode: none, using 1 thread.
Root relaxation solution time = 0.00 sec. (4.66 ticks)

        Nodes                                         Cuts/
   Node  Left     Objective  IInf  Best Integer    Best Bound    ItCnt     Gap

*     0+    0                          500.0000        0.0000           100.00%
      0     0        3.4795    50      500.0000        3.4795      148   99.30%
*     0+    0                           11.0000        3.4795            68.37%
*     0+    0                            6.0000        3.4795            42.01%
      0     0        3.5293    43        6.0000      Fract: 1      180   41.18%
*     0+    0                            5.0000        3.5293            29.41%
      0     2        3.5293    43        5.0000        3.5293      180   29.41%
Elapsed time = 0.08 sec. (80.64 ticks, tree = 0.01 MB, solutions = 4)

Gomory fractional cuts applied:  1

Root node processing (before b&c):
  Real time             =    0.08 sec. (80.65 ticks)
Sequential b&c:
  Real time             =    0.04 sec. (55.03 ticks)
                          ------------
Total (root+branch&cut) =    0.13 sec. (135.67 ticks)

============================================
 RESULTADOS
============================================
Status CPLEX  : Optimal
Tempo (s)     : 0.125958
Valor obj.    : 5
Melhor bound  : 5
MIP gap (%)   : 0
Conjuntos sel.: 5

Conjuntos selecionados (1-based):
4 6 21 30 75 

Solucao valida: SIM
