============================================
 Set Cover Problem — CPLEX Solver
 Instancia: instancias/scpe4.txt
============================================

Elementos (m) : 50
Conjuntos (n) : 500

Iniciando otimizacao...

CPXPARAM_Simplex_Display                         0
CPXPARAM_Threads                                 1
CPXPARAM_TimeLimit                               60
CPXPARAM_MIP_Tolerances_MIPGap                   0
Found incumbent of value 500.000000 after 0.00 sec. (0.04 ticks)
Tried aggregator 1 time.
Reduced MIP has 50 rows, 500 columns, and 4952 nonzeros.
Reduced MIP has 500 binaries, 0 generals, 0 SOSs, and 0 indicators.
Presolve time = 0.00 sec. (1.46 ticks)
Probing time = 0.00 sec. (0.07 ticks)
Tried aggregator 1 time.
Reduced MIP has 50 rows, 500 columns, and 4952 nonzeros.
Reduced MIP has 500 binaries, 0 generals, 0 SOSs, and 0 indicators.
Presolve time = 0.00 sec. (1.69 ticks)
Probing time = 0.00 sec. (0.07 ticks)
MIP emphasis: balance optimality and feasibility.
MIP search method: dynamic search.
Parallel mode: none, using 1 thread.
Root relaxation solution time = 0.00 sec. (4.56 ticks)

        Nodes                                         Cuts/
   Node  Left     Objective  IInf  Best Integer    Best Bound    ItCnt     Gap

*     0+    0                          500.0000        0.0000           100.00%
      0     0        3.4540    46      500.0000        3.4540      146   99.31%
*     0+    0                            8.0000        3.4540            56.83%
*     0+    0                            7.0000        3.4540            50.66%
      0     0        3.4918    42        7.0000      Fract: 1      187   50.12%
*     0+    0                            5.0000        3.4918            30.16%
      0     2        3.4918    42        5.0000        3.4918      187   30.16%
Elapsed time = 0.08 sec. (74.92 ticks, tree = 0.01 MB, solutions = 4)

Gomory fractional cuts applied:  1

Root node processing (before b&c):
  Real time             =    0.08 sec. (74.92 ticks)
Sequential b&c:
  Real time             =    0.08 sec. (101.34 ticks)
                          ------------
Total (root+branch&cut) =    0.17 sec. (176.26 ticks)

============================================
 RESULTADOS
============================================
Status CPLEX  : Optimal
Tempo (s)     : 0.165308
Valor obj.    : 5
Melhor bound  : 5
MIP gap (%)   : 0
Conjuntos sel.: 5

Conjuntos selecionados (1-based):
1 18 21 26 48 

Solucao valida: SIM
