============================================
 Set Cover Problem — CPLEX Solver
 Instancia: instancias/scpe5.txt
============================================

Elementos (m) : 50
Conjuntos (n) : 500

Iniciando otimizacao...

CPXPARAM_Simplex_Display                         0
CPXPARAM_Threads                                 1
CPXPARAM_TimeLimit                               60
CPXPARAM_MIP_Tolerances_MIPGap                   0
Found incumbent of value 500.000000 after 0.00 sec. (0.04 ticks)
Tried aggregator 1 time.
Reduced MIP has 50 rows, 500 columns, and 5017 nonzeros.
Reduced MIP has 500 binaries, 0 generals, 0 SOSs, and 0 indicators.
Presolve time = 0.00 sec. (1.46 ticks)
Probing time = 0.00 sec. (0.08 ticks)
Tried aggregator 1 time.
Reduced MIP has 50 rows, 500 columns, and 5017 nonzeros.
Reduced MIP has 500 binaries, 0 generals, 0 SOSs, and 0 indicators.
Presolve time = 0.00 sec. (1.71 ticks)
Probing time = 0.00 sec. (0.08 ticks)
MIP emphasis: balance optimality and feasibility.
MIP search method: dynamic search.
Parallel mode: none, using 1 thread.
Root relaxation solution time = 0.01 sec. (5.30 ticks)

        Nodes                                         Cuts/
   Node  Left     Objective  IInf  Best Integer    Best Bound    ItCnt     Gap

*     0+    0                          500.0000        0.0000           100.00%
      0     0        3.3908    44      500.0000        3.3908      194   99.32%
*     0+    0                            9.0000        3.3908            62.32%
*     0+    0                            6.0000        3.3908            43.49%
      0     0        3.4393    44        6.0000      Fract: 1      220   42.68%
*     0+    0                            5.0000        3.4393            31.21%
      0     2        3.4393    44        5.0000        3.4393      220   31.21%
Elapsed time = 0.08 sec. (76.05 ticks, tree = 0.01 MB, solutions = 4)

Gomory fractional cuts applied:  1

Root node processing (before b&c):
  Real time             =    0.08 sec. (76.05 ticks)
Sequential b&c:
  Real time             =    0.07 sec. (115.33 ticks)
                          ------------
Total (root+branch&cut) =    0.15 sec. (191.38 ticks)

============================================
 RESULTADOS
============================================
Status CPLEX  : Optimal
Tempo (s)     : 0.147788
Valor obj.    : 5
Melhor bound  : 5
MIP gap (%)   : 0
Conjuntos sel.: 5

Conjuntos selecionados (1-based):
2 3 60 187 200 

Solucao valida: SIM
