============================================
 Set Cover Problem — CPLEX Solver
 Instancia: instancias/scpa2.txt
============================================

Elementos (m) : 300
Conjuntos (n) : 3000

Iniciando otimizacao...

Version identifier: 22.1.1.0 | 2022-11-28 | 9160aff4d
CPXPARAM_Simplex_Display                         0
CPXPARAM_Threads                                 1
CPXPARAM_TimeLimit                               3
CPXPARAM_MIP_Tolerances_MIPGap                   0
Found incumbent of value 152947.000000 after 0.00 sec. (0.16 ticks)
Tried aggregator 1 time.
MIP Presolve eliminated 0 rows and 94 columns.
Reduced MIP has 300 rows, 2906 columns, and 17920 nonzeros.
Reduced MIP has 2906 binaries, 0 generals, 0 SOSs, and 0 indicators.
Presolve time = 0.01 sec. (10.11 ticks)
Tried aggregator 1 time.
Detecting symmetries...
Reduced MIP has 300 rows, 2906 columns, and 17920 nonzeros.
Reduced MIP has 2906 binaries, 0 generals, 0 SOSs, and 0 indicators.
Presolve time = 0.02 sec. (7.93 ticks)
Probing time = 0.00 sec. (0.35 ticks)
MIP emphasis: balance optimality and feasibility.
MIP search method: dynamic search.
Parallel mode: none, using 1 thread.
Root relaxation solution time = 0.03 sec. (15.34 ticks)

        Nodes                                         Cuts/
   Node  Left     Objective  IInf  Best Integer    Best Bound    ItCnt     Gap

*     0+    0                       147057.0000        0.0000           100.00%
      0     0      247.4964   119   147057.0000      247.4964      334   99.83%
*     0+    0                          335.0000      247.4964            26.12%
*     0+    0                          260.0000      247.4964             4.81%
      0     0      248.0086   112      260.0000      Cuts: 20      377    4.61%
      0     0      248.2336   127      260.0000  ZeroHalf: 18      413    4.53%
*     0+    0                          255.0000      248.2336             2.65%
*     0+    0                          253.0000      248.2336             1.88%
*     0+    0                          252.0000      248.2336             1.49%
      0     0  -1.00000e+75     0      252.0000      248.2336      413    1.49%
Detecting symmetries...

Repeating presolve.
Tried aggregator 1 time.
MIP Presolve eliminated 37 rows and 2689 columns.
Reduced MIP has 263 rows, 217 columns, and 1271 nonzeros.
Reduced MIP has 217 binaries, 0 generals, 0 SOSs, and 0 indicators.
Presolve time = 0.00 sec. (2.04 ticks)
Probing time = 0.00 sec. (0.09 ticks)
Tried aggregator 1 time.
Detecting symmetries...
Reduced MIP has 263 rows, 217 columns, and 1271 nonzeros.
Reduced MIP has 217 binaries, 0 generals, 0 SOSs, and 0 indicators.
Presolve time = 0.00 sec. (0.61 ticks)
Represolve time = 0.02 sec. (8.79 ticks)
Probing time = 0.00 sec. (0.09 ticks)
Clique table members: 21.
MIP emphasis: balance optimality and feasibility.
MIP search method: dynamic search.
Parallel mode: none, using 1 thread.
Root relaxation solution time = 0.02 sec. (9.46 ticks)

        Nodes                                         Cuts/
   Node  Left     Objective  IInf  Best Integer    Best Bound    ItCnt     Gap

*     0+    0                          252.0000      248.2336             1.49%
      0     0      248.2336   127      252.0000      248.2336      799    1.49%
      0     0      248.3543   128      252.0000       Cuts: 8      832    1.45%
      0     0      248.4167   133      252.0000       Cuts: 2      857    1.42%
      0     0      248.5412   121      252.0000       Cuts: 2      896    1.37%
      0     0      248.6434   135      252.0000       Cuts: 8      928    1.33%
      0     0      248.6524   136      252.0000   ZeroHalf: 2      942    1.33%
Detecting symmetries...
      0     0      248.6808   130      252.0000       Cuts: 3      960    1.32%
      0     0      248.6857   132      252.0000   ZeroHalf: 2      965    1.32%
Detecting symmetries...
      0     2      248.6857   132      252.0000      248.6892      965    1.31%
Elapsed time = 1.28 sec. (533.10 ticks, tree = 0.01 MB, solutions = 7)

Zero-half cuts applied:  10
Lift and project cuts applied:  4

Root node processing (before b&c):
  Real time             =    1.28 sec. (533.30 ticks)
Sequential b&c:
  Real time             =    0.09 sec. (54.98 ticks)
                          ------------
Total (root+branch&cut) =    1.37 sec. (588.28 ticks)

============================================
 RESULTADOS
============================================
Status CPLEX  : Optimal
Tempo (s)     : 1.37226
Valor obj.    : 252
Melhor bound  : 252
MIP gap (%)   : 0
Conjuntos sel.: 68

Conjuntos selecionados (1-based):
1 2 3 4 5 6 7 8 9 12 13 14 15 16 18 21 22 23 27 28 31 32 33 37 38 40 41 42 49 50 60 61 62 65 67 70 78 81 88 89 91 95 102 103 104 105 106 108 115 117 119 120 130 138 142 143 148 154 176 180 181 203 204 220 265 274 356 365 

Solucao valida: SIM
