============================================
 Set Cover Problem — CPLEX Solver
 Instancia: instancias/scpa5.txt
============================================

Elementos (m) : 300
Conjuntos (n) : 3000

Iniciando otimizacao...

Version identifier: 22.1.1.0 | 2022-11-28 | 9160aff4d
CPXPARAM_Simplex_Display                         0
CPXPARAM_Threads                                 1
CPXPARAM_TimeLimit                               3
CPXPARAM_MIP_Tolerances_MIPGap                   0
Found incumbent of value 149601.000000 after 0.00 sec. (0.16 ticks)
Tried aggregator 1 time.
MIP Presolve eliminated 0 rows and 101 columns.
Reduced MIP has 300 rows, 2899 columns, and 17902 nonzeros.
Reduced MIP has 2899 binaries, 0 generals, 0 SOSs, and 0 indicators.
Presolve time = 0.02 sec. (10.12 ticks)
Tried aggregator 1 time.
Detecting symmetries...
Reduced MIP has 300 rows, 2899 columns, and 17902 nonzeros.
Reduced MIP has 2899 binaries, 0 generals, 0 SOSs, and 0 indicators.
Presolve time = 0.02 sec. (7.86 ticks)
Probing time = 0.00 sec. (0.34 ticks)
MIP emphasis: balance optimality and feasibility.
MIP search method: dynamic search.
Parallel mode: none, using 1 thread.
Root relaxation solution time = 0.02 sec. (10.37 ticks)

        Nodes                                         Cuts/
   Node  Left     Objective  IInf  Best Integer    Best Bound    ItCnt     Gap

*     0+    0                       143358.0000        0.0000           100.00%
      0     0      234.8889    46   143358.0000      234.8889      270   99.84%
*     0+    0                          252.0000      234.8889             6.79%
*     0+    0                          240.0000      234.8889             2.13%
      0     0      235.2627    74      240.0000      Cuts: 26      302    1.97%
      0     0      235.4127    51      240.0000      Cuts: 21      321    1.91%
*     0+    0                          237.0000      235.4127             0.67%
*     0+    0                          236.0000      235.4127             0.25%
      0     0  -1.00000e+75     0      236.0000      235.4127      321    0.25%
      0     0        cutoff            236.0000      235.4127      321    0.25%
Elapsed time = 0.18 sec. (75.33 ticks, tree = 0.01 MB, solutions = 5)

Zero-half cuts applied:  7
Lift and project cuts applied:  3

Root node processing (before b&c):
  Real time             =    0.18 sec. (75.59 ticks)
Sequential b&c:
  Real time             =    0.00 sec. (0.00 ticks)
                          ------------
Total (root+branch&cut) =    0.18 sec. (75.59 ticks)

============================================
 RESULTADOS
============================================
Status CPLEX  : Optimal
Tempo (s)     : 0.179402
Valor obj.    : 236
Melhor bound  : 236
MIP gap (%)   : 0
Conjuntos sel.: 72

Conjuntos selecionados (1-based):
1 2 3 4 5 6 7 8 9 10 11 13 14 15 16 20 21 22 27 28 29 34 36 37 39 41 45 48 49 52 53 54 58 63 64 65 69 71 72 75 76 78 83 88 90 91 92 94 95 99 100 110 119 121 128 133 138 139 140 146 151 158 159 161 176 179 186 203 206 209 212 289 

Solucao valida: SIM
