============================================
 Set Cover Problem — CPLEX Solver
 Instancia: instancias/scpa4.txt
============================================

Elementos (m) : 300
Conjuntos (n) : 3000

Iniciando otimizacao...

Version identifier: 22.1.1.0 | 2022-11-28 | 9160aff4d
CPXPARAM_Simplex_Display                         0
CPXPARAM_Threads                                 1
CPXPARAM_TimeLimit                               3
CPXPARAM_MIP_Tolerances_MIPGap                   0
Found incumbent of value 152008.000000 after 0.00 sec. (0.16 ticks)
Tried aggregator 1 time.
MIP Presolve eliminated 0 rows and 102 columns.
Reduced MIP has 300 rows, 2898 columns, and 17913 nonzeros.
Reduced MIP has 2898 binaries, 0 generals, 0 SOSs, and 0 indicators.
Presolve time = 0.02 sec. (10.15 ticks)
Tried aggregator 1 time.
Detecting symmetries...
Reduced MIP has 300 rows, 2898 columns, and 17913 nonzeros.
Reduced MIP has 2898 binaries, 0 generals, 0 SOSs, and 0 indicators.
Presolve time = 0.02 sec. (7.89 ticks)
Probing time = 0.00 sec. (0.35 ticks)
MIP emphasis: balance optimality and feasibility.
MIP search method: dynamic search.
Parallel mode: none, using 1 thread.
Root relaxation solution time = 0.02 sec. (10.86 ticks)

        Nodes                                         Cuts/
   Node  Left     Objective  IInf  Best Integer    Best Bound    ItCnt     Gap

*     0+    0                       146055.0000        0.0000           100.00%
      0     0      231.3968    80   146055.0000      231.3968      301   99.84%
*     0+    0                          273.0000      231.3968            15.24%
*     0+    0                          246.0000      231.3968             5.94%
      0     0      232.0000    54      246.0000      Cuts: 23      325    5.69%
      0     0      232.6759    93      246.0000      Cuts: 24      380    5.42%
*     0+    0                          238.0000      232.6759             2.24%
*     0+    0                          234.0000      232.6759             0.57%
      0     0  -1.00000e+75     0      234.0000      232.6759      380    0.57%
Detecting symmetries...

Repeating presolve.
Tried aggregator 1 time.
MIP Presolve eliminated 84 rows and 2775 columns.
Reduced MIP has 216 rows, 123 columns, and 704 nonzeros.
Reduced MIP has 123 binaries, 0 generals, 0 SOSs, and 0 indicators.
Presolve time = 0.00 sec. (1.89 ticks)
Probing time = 0.00 sec. (0.08 ticks)
Tried aggregator 1 time.
Detecting symmetries...
Reduced MIP has 216 rows, 123 columns, and 704 nonzeros.
Reduced MIP has 123 binaries, 0 generals, 0 SOSs, and 0 indicators.
Presolve time = 0.00 sec. (0.39 ticks)
Represolve time = 0.01 sec. (5.29 ticks)
Probing time = 0.00 sec. (0.08 ticks)
Clique table members: 61.
MIP emphasis: balance optimality and feasibility.
MIP search method: dynamic search.
Parallel mode: none, using 1 thread.
Root relaxation solution time = 0.00 sec. (2.27 ticks)

        Nodes                                         Cuts/
   Node  Left     Objective  IInf  Best Integer    Best Bound    ItCnt     Gap

*     0+    0                          234.0000      232.6759             0.57%
      0     0      232.6762    93      234.0000      232.6762      582    0.57%
      0     0      232.9213    91      234.0000      Cuts: 12      598    0.46%
      0     0        cutoff            234.0000                    602    0.00%
Elapsed time = 0.27 sec. (120.27 ticks, tree = 0.01 MB, solutions = 6)

Zero-half cuts applied:  8
Lift and project cuts applied:  3

Root node processing (before b&c):
  Real time             =    0.28 sec. (120.47 ticks)
Sequential b&c:
  Real time             =    0.00 sec. (0.00 ticks)
                          ------------
Total (root+branch&cut) =    0.28 sec. (120.47 ticks)

============================================
 RESULTADOS
============================================
Status CPLEX  : Optimal
Tempo (s)     : 0.276431
Valor obj.    : 234
Melhor bound  : 234
MIP gap (%)   : 0
Conjuntos sel.: 67

Conjuntos selecionados (1-based):
1 2 3 4 5 6 7 9 10 11 13 15 20 21 22 24 26 27 31 33 34 35 36 39 40 42 44 46 47 48 49 55 57 58 59 61 63 66 67 69 73 74 75 83 88 94 112 119 121 123 126 133 140 153 156 161 164 166 207 216 220 227 247 250 272 337 431 

Solucao valida: SIM
